// Jest Snapshot v1, https://goo.gl/fbAQLP

exports[`<Title /> should match snapshot 1`] = `
<Styled(header)>
  <Styled(h1)>
    <Styled(i)
      className="snes-jp-logo brand"
    />
    Hello,
    <br />
    I'm Flavien!
    <br />
  </Styled(h1)>
  <Styled(p)>
    An enthusiastic Frontend developper
  </Styled(p)>
</Styled(header)>
`;
